<html>
<body>
<pre>
<h1>µVision Build Log</h1>
<h2>Tool Versions:</h2>
IDE-Version: ¦ÌVision V5.27.1.0
Copyright (C) 2019 ARM Ltd and ARM Germany GmbH. All rights reserved.
License Information: zixiao wang, xiangnan university, LIC=MGX74-FA6HK-HP5ZN-YHY6L-IDFAX-1WKUI
 
Tool Versions:
Toolchain:       MDK-ARM Professional  Version: 5.27.1.0
Toolchain Path:  D:\Keil5\ARM\ARMCC\Bin
C Compiler:      Armcc.exe V5.06 update 6 (build 750)
Assembler:       Armasm.exe V5.06 update 6 (build 750)
Linker/Locator:  ArmLink.exe V5.06 update 6 (build 750)
Library Manager: ArmAr.exe V5.06 update 6 (build 750)
Hex Converter:   FromElf.exe V5.06 update 6 (build 750)
CPU DLL:         SARMCM3.DLL V5.27.1.0
Dialog DLL:      DCM.DLL V1.17.2.0
Target DLL:      UL2CM3.DLL V1.162.15.0
Dialog DLL:      TCM.DLL V1.36.1.0
 
<h2>Project:</h2>
G:\user\wzx\Desktop\stm32_usart\USER\stm32_usart.uvprojx
Project File Date:  08/30/2019

<h2>Output:</h2>
*** Using Compiler 'V5.06 update 6 (build 750)', folder: 'D:\Keil5\ARM\ARMCC\Bin'
Rebuild target 'Target 1'
compiling main.c...
..\SYSTEM\usart.h(8): warning:  #1295-D: Deprecated declaration USART1_GPIO_config - give arg types
  void USART1_GPIO_config();
..\SYSTEM\usart.h(9): warning:  #1295-D: Deprecated declaration USART2_GPIO_config - give arg types
  void USART2_GPIO_config();
..\SYSTEM\usart.h(10): warning:  #1295-D: Deprecated declaration USART3_GPIO_config - give arg types
  void USART3_GPIO_config();
main.c: 3 warnings, 0 errors
compiling stm32f10x_it.c...
compiling system_stm32f10x.c...
compiling core_cm3.c...
assembling startup_stm32f10x_hd.s...
compiling misc.c...
compiling stm32f10x_gpio.c...
compiling stm32f10x_rcc.c...
compiling stm32f10x_usart.c...
compiling usart.c...
..\SYSTEM\usart.h(8): warning:  #1295-D: Deprecated declaration USART1_GPIO_config - give arg types
  void USART1_GPIO_config();
..\SYSTEM\usart.h(9): warning:  #1295-D: Deprecated declaration USART2_GPIO_config - give arg types
  void USART2_GPIO_config();
..\SYSTEM\usart.h(10): warning:  #1295-D: Deprecated declaration USART3_GPIO_config - give arg types
  void USART3_GPIO_config();
..\SYSTEM\usart.c: 3 warnings, 0 errors
linking...
Program Size: Code=1820 RO-data=336 RW-data=24 ZI-data=1024  
FromELF: creating hex file...
"..\OBJ\stm32_usart.axf" - 0 Error(s), 6 Warning(s).

<h2>Software Packages used:</h2>

Package Vendor: Keil
                http://www.keil.com/pack/Keil.STM32F1xx_DFP.2.3.0.pack
                Keil.STM32F1xx_DFP.2.3.0
                STMicroelectronics STM32F1 Series Device Support, Drivers and Examples

<h2>Collection of Component include folders:</h2>
  .\RTE\_Target_1
  D:\Keil5\date\Keil\STM32F1xx_DFP\2.3.0\Device\Include

<h2>Collection of Component Files used:</h2>
Build Time Elapsed:  00:00:05
</pre>
</body>
</html>
